INFO: 
Stream to write to configured: STDOUT

INFO: Original args: 0.38, 0.01, 100
INFO: Initial Conditions: 
Interatomic Distance (r_0): 0.38Time frame: 0.01
Base Resolution: 1E-7
Dynamic Resolution: False

INFO: Objects:
	Atom(s=0, v=0.001)
	Atom(s=0.38, v=-0.001)
	Potential(Atom001, Atom000)
INFO: Wrote values to STDOUT at virtual time 0.0000
INFO: Wrote values to STDOUT at virtual time 0.0001
INFO: Wrote values to STDOUT at virtual time 0.0002
INFO: Wrote values to STDOUT at virtual time 0.0003
INFO: Wrote values to STDOUT at virtual time 0.0004
INFO: Wrote values to STDOUT at virtual time 0.0005
INFO: Wrote values to STDOUT at virtual time 0.0006
INFO: Wrote values to STDOUT at virtual time 0.0007
INFO: Wrote values to STDOUT at virtual time 0.0008
INFO: Wrote values to STDOUT at virtual time 0.0009
INFO: Wrote values to STDOUT at virtual time 0.0010
INFO: Wrote values to STDOUT at virtual time 0.0011
INFO: Wrote values to STDOUT at virtual time 0.0012
INFO: Wrote values to STDOUT at virtual time 0.0013
INFO: Wrote values to STDOUT at virtual time 0.0014
INFO: Wrote values to STDOUT at virtual time 0.0015
INFO: Wrote values to STDOUT at virtual time 0.0016
INFO: Wrote values to STDOUT at virtual time 0.0017
INFO: Wrote values to STDOUT at virtual time 0.0018
INFO: Wrote values to STDOUT at virtual time 0.0019
INFO: Wrote values to STDOUT at virtual time 0.0020
INFO: Wrote values to STDOUT at virtual time 0.0021
INFO: Wrote values to STDOUT at virtual time 0.0022
INFO: Wrote values to STDOUT at virtual time 0.0023
INFO: Wrote values to STDOUT at virtual time 0.0024
INFO: Wrote values to STDOUT at virtual time 0.0025
INFO: Wrote values to STDOUT at virtual time 0.0026
INFO: Wrote values to STDOUT at virtual time 0.0027
INFO: Wrote values to STDOUT at virtual time 0.0028
INFO: Wrote values to STDOUT at virtual time 0.0029
INFO: Wrote values to STDOUT at virtual time 0.0030
INFO: Wrote values to STDOUT at virtual time 0.0031
INFO: Wrote values to STDOUT at virtual time 0.0032
INFO: Wrote values to STDOUT at virtual time 0.0033
INFO: Wrote values to STDOUT at virtual time 0.0034
INFO: Wrote values to STDOUT at virtual time 0.0035
INFO: Wrote values to STDOUT at virtual time 0.0036
INFO: Wrote values to STDOUT at virtual time 0.0037
INFO: Wrote values to STDOUT at virtual time 0.0038
INFO: Wrote values to STDOUT at virtual time 0.0039
INFO: Wrote values to STDOUT at virtual time 0.0040
INFO: Wrote values to STDOUT at virtual time 0.0041
INFO: Wrote values to STDOUT at virtual time 0.0042
INFO: Wrote values to STDOUT at virtual time 0.0043
INFO: Wrote values to STDOUT at virtual time 0.0044
INFO: Wrote values to STDOUT at virtual time 0.0045
INFO: Wrote values to STDOUT at virtual time 0.0046
INFO: Wrote values to STDOUT at virtual time 0.0047
INFO: Wrote values to STDOUT at virtual time 0.0048
INFO: Wrote values to STDOUT at virtual time 0.0049
INFO: Wrote values to STDOUT at virtual time 0.0050
INFO: Wrote values to STDOUT at virtual time 0.0051
INFO: Wrote values to STDOUT at virtual time 0.0052
INFO: Wrote values to STDOUT at virtual time 0.0053
INFO: Wrote values to STDOUT at virtual time 0.0054
INFO: Wrote values to STDOUT at virtual time 0.0055
INFO: Wrote values to STDOUT at virtual time 0.0056
INFO: Wrote values to STDOUT at virtual time 0.0057
INFO: Wrote values to STDOUT at virtual time 0.0058
INFO: Wrote values to STDOUT at virtual time 0.0059
INFO: Wrote values to STDOUT at virtual time 0.0060
INFO: Wrote values to STDOUT at virtual time 0.0061
INFO: Wrote values to STDOUT at virtual time 0.0062
INFO: Wrote values to STDOUT at virtual time 0.0063
INFO: Wrote values to STDOUT at virtual time 0.0064
INFO: Wrote values to STDOUT at virtual time 0.0065
INFO: Wrote values to STDOUT at virtual time 0.0066
INFO: Wrote values to STDOUT at virtual time 0.0067
INFO: Wrote values to STDOUT at virtual time 0.0068
INFO: Wrote values to STDOUT at virtual time 0.0069
INFO: Wrote values to STDOUT at virtual time 0.0070
INFO: Wrote values to STDOUT at virtual time 0.0071
INFO: Wrote values to STDOUT at virtual time 0.0072
INFO: Wrote values to STDOUT at virtual time 0.0073
INFO: Wrote values to STDOUT at virtual time 0.0074
INFO: Wrote values to STDOUT at virtual time 0.0075
INFO: Wrote values to STDOUT at virtual time 0.0076
INFO: Wrote values to STDOUT at virtual time 0.0077
INFO: Wrote values to STDOUT at virtual time 0.0078
INFO: Wrote values to STDOUT at virtual time 0.0079
INFO: Wrote values to STDOUT at virtual time 0.0080
INFO: Wrote values to STDOUT at virtual time 0.0081
INFO: Wrote values to STDOUT at virtual time 0.0082
INFO: Wrote values to STDOUT at virtual time 0.0083
INFO: Wrote values to STDOUT at virtual time 0.0084
INFO: Wrote values to STDOUT at virtual time 0.0085
INFO: Wrote values to STDOUT at virtual time 0.0086
INFO: Wrote values to STDOUT at virtual time 0.0087
INFO: Wrote values to STDOUT at virtual time 0.0088
INFO: Wrote values to STDOUT at virtual time 0.0089
INFO: Wrote values to STDOUT at virtual time 0.0090
INFO: Wrote values to STDOUT at virtual time 0.0091
INFO: Wrote values to STDOUT at virtual time 0.0092
INFO: Wrote values to STDOUT at virtual time 0.0093
INFO: Wrote values to STDOUT at virtual time 0.0094
INFO: Wrote values to STDOUT at virtual time 0.0095
INFO: Wrote values to STDOUT at virtual time 0.0096
INFO: Wrote values to STDOUT at virtual time 0.0097
INFO: Wrote values to STDOUT at virtual time 0.0098
INFO: Wrote values to STDOUT at virtual time 0.0099
INFO: 0.01s of motion simulated over 100,000 frames
INFO: Average Distance: 0.3797785971384064137808806526; Expected 0.3754635551594852622895168052
INFO: % Error: +1.149%
INFO: Cycle has ended
INFO: Completed in 0:00:05.737189
